This is pdfTeX, Version 3.14159265-2.6-1.40.16 (MiKTeX 2.9 64-bit) (preloaded format=pdflatex 2015.11.19)  11 AUG 2017 15:24
entering extended mode
**test.tex
(test.tex
LaTeX2e <2015/01/01> patch level 2
Babel <3.9m> and hyphenation patterns for 69 languages loaded.
("C:\Program Files\MiKTeX 2.9\tex\latex\base\article.cls"
Document Class: article 2014/09/29 v1.4h Standard LaTeX document class
("C:\Program Files\MiKTeX 2.9\tex\latex\base\size10.clo"
File: size10.clo 2014/09/29 v1.4h Standard LaTeX file (size option)
)
\c@part=\count79
\c@section=\count80
\c@subsection=\count81
\c@subsubsection=\count82
\c@paragraph=\count83
\c@subparagraph=\count84
\c@figure=\count85
\c@table=\count86
\abovecaptionskip=\skip41
\belowcaptionskip=\skip42
\bibindent=\dimen102
)
("C:\Program Files\MiKTeX 2.9\tex\latex\amsmath\amsmath.sty"
Package: amsmath 2013/01/14 v2.14 AMS math features
\@mathmargin=\skip43

For additional information on amsmath, use the `?' option.
("C:\Program Files\MiKTeX 2.9\tex\latex\amsmath\amstext.sty"
Package: amstext 2000/06/29 v2.01

("C:\Program Files\MiKTeX 2.9\tex\latex\amsmath\amsgen.sty"
File: amsgen.sty 1999/11/30 v2.0
\@emptytoks=\toks14
\ex@=\dimen103
))
("C:\Program Files\MiKTeX 2.9\tex\latex\amsmath\amsbsy.sty"
Package: amsbsy 1999/11/29 v1.2d
\pmbraise@=\dimen104
)
("C:\Program Files\MiKTeX 2.9\tex\latex\amsmath\amsopn.sty"
Package: amsopn 1999/12/14 v2.01 operator names
)
\inf@bad=\count87
LaTeX Info: Redefining \frac on input line 210.
\uproot@=\count88
\leftroot@=\count89
LaTeX Info: Redefining \overline on input line 306.
\classnum@=\count90
\DOTSCASE@=\count91
LaTeX Info: Redefining \ldots on input line 378.
LaTeX Info: Redefining \dots on input line 381.
LaTeX Info: Redefining \cdots on input line 466.
\Mathstrutbox@=\box26
\strutbox@=\box27
\big@size=\dimen105
LaTeX Font Info:    Redeclaring font encoding OML on input line 566.
LaTeX Font Info:    Redeclaring font encoding OMS on input line 567.
\macc@depth=\count92
\c@MaxMatrixCols=\count93
\dotsspace@=\muskip10
\c@parentequation=\count94
\dspbrk@lvl=\count95
\tag@help=\toks15
\row@=\count96
\column@=\count97
\maxfields@=\count98
\andhelp@=\toks16
\eqnshift@=\dimen106
\alignsep@=\dimen107
\tagshift@=\dimen108
\tagwidth@=\dimen109
\totwidth@=\dimen110
\lineht@=\dimen111
\@envbody=\toks17
\multlinegap=\skip44
\multlinetaggap=\skip45
\mathdisplay@stack=\toks18
LaTeX Info: Redefining \[ on input line 2665.
LaTeX Info: Redefining \] on input line 2666.
)
("C:\Program Files\MiKTeX 2.9\tex\latex\base\inputenc.sty"
Package: inputenc 2015/03/17 v1.2c Input encoding file
\inpenc@prehook=\toks19
\inpenc@posthook=\toks20

("C:\Program Files\MiKTeX 2.9\tex\latex\base\utf8.def"
File: utf8.def 2015/06/27 v1.1n UTF-8 support for inputenc
Now handling font encoding OML ...
... no UTF-8 mapping file for font encoding OML
Now handling font encoding T1 ...
... processing UTF-8 mapping file for font encoding T1

("C:\Program Files\MiKTeX 2.9\tex\latex\base\t1enc.dfu"
File: t1enc.dfu 2015/06/27 v1.1n UTF-8 support for inputenc
   defining Unicode char U+00A1 (decimal 161)
   defining Unicode char U+00A3 (decimal 163)
   defining Unicode char U+00AB (decimal 171)
   defining Unicode char U+00BB (decimal 187)
   defining Unicode char U+00BF (decimal 191)
   defining Unicode char U+00C0 (decimal 192)
   defining Unicode char U+00C1 (decimal 193)
   defining Unicode char U+00C2 (decimal 194)
   defining Unicode char U+00C3 (decimal 195)
   defining Unicode char U+00C4 (decimal 196)
   defining Unicode char U+00C5 (decimal 197)
   defining Unicode char U+00C6 (decimal 198)
   defining Unicode char U+00C7 (decimal 199)
   defining Unicode char U+00C8 (decimal 200)
   defining Unicode char U+00C9 (decimal 201)
   defining Unicode char U+00CA (decimal 202)
   defining Unicode char U+00CB (decimal 203)
   defining Unicode char U+00CC (decimal 204)
   defining Unicode char U+00CD (decimal 205)
   defining Unicode char U+00CE (decimal 206)
   defining Unicode char U+00CF (decimal 207)
   defining Unicode char U+00D0 (decimal 208)
   defining Unicode char U+00D1 (decimal 209)
   defining Unicode char U+00D2 (decimal 210)
   defining Unicode char U+00D3 (decimal 211)
   defining Unicode char U+00D4 (decimal 212)
   defining Unicode char U+00D5 (decimal 213)
   defining Unicode char U+00D6 (decimal 214)
   defining Unicode char U+00D8 (decimal 216)
   defining Unicode char U+00D9 (decimal 217)
   defining Unicode char U+00DA (decimal 218)
   defining Unicode char U+00DB (decimal 219)
   defining Unicode char U+00DC (decimal 220)
   defining Unicode char U+00DD (decimal 221)
   defining Unicode char U+00DE (decimal 222)
   defining Unicode char U+00DF (decimal 223)
   defining Unicode char U+00E0 (decimal 224)
   defining Unicode char U+00E1 (decimal 225)
   defining Unicode char U+00E2 (decimal 226)
   defining Unicode char U+00E3 (decimal 227)
   defining Unicode char U+00E4 (decimal 228)
   defining Unicode char U+00E5 (decimal 229)
   defining Unicode char U+00E6 (decimal 230)
   defining Unicode char U+00E7 (decimal 231)
   defining Unicode char U+00E8 (decimal 232)
   defining Unicode char U+00E9 (decimal 233)
   defining Unicode char U+00EA (decimal 234)
   defining Unicode char U+00EB (decimal 235)
   defining Unicode char U+00EC (decimal 236)
   defining Unicode char U+00ED (decimal 237)
   defining Unicode char U+00EE (decimal 238)
   defining Unicode char U+00EF (decimal 239)
   defining Unicode char U+00F0 (decimal 240)
   defining Unicode char U+00F1 (decimal 241)
   defining Unicode char U+00F2 (decimal 242)
   defining Unicode char U+00F3 (decimal 243)
   defining Unicode char U+00F4 (decimal 244)
   defining Unicode char U+00F5 (decimal 245)
   defining Unicode char U+00F6 (decimal 246)
   defining Unicode char U+00F8 (decimal 248)
   defining Unicode char U+00F9 (decimal 249)
   defining Unicode char U+00FA (decimal 250)
   defining Unicode char U+00FB (decimal 251)
   defining Unicode char U+00FC (decimal 252)
   defining Unicode char U+00FD (decimal 253)
   defining Unicode char U+00FE (decimal 254)
   defining Unicode char U+00FF (decimal 255)
   defining Unicode char U+0102 (decimal 258)
   defining Unicode char U+0103 (decimal 259)
   defining Unicode char U+0104 (decimal 260)
   defining Unicode char U+0105 (decimal 261)
   defining Unicode char U+0106 (decimal 262)
   defining Unicode char U+0107 (decimal 263)
   defining Unicode char U+010C (decimal 268)
   defining Unicode char U+010D (decimal 269)
   defining Unicode char U+010E (decimal 270)
   defining Unicode char U+010F (decimal 271)
   defining Unicode char U+0110 (decimal 272)
   defining Unicode char U+0111 (decimal 273)
   defining Unicode char U+0118 (decimal 280)
   defining Unicode char U+0119 (decimal 281)
   defining Unicode char U+011A (decimal 282)
   defining Unicode char U+011B (decimal 283)
   defining Unicode char U+011E (decimal 286)
   defining Unicode char U+011F (decimal 287)
   defining Unicode char U+0130 (decimal 304)
   defining Unicode char U+0131 (decimal 305)
   defining Unicode char U+0132 (decimal 306)
   defining Unicode char U+0133 (decimal 307)
   defining Unicode char U+0139 (decimal 313)
   defining Unicode char U+013A (decimal 314)
   defining Unicode char U+013D (decimal 317)
   defining Unicode char U+013E (decimal 318)
   defining Unicode char U+0141 (decimal 321)
   defining Unicode char U+0142 (decimal 322)
   defining Unicode char U+0143 (decimal 323)
   defining Unicode char U+0144 (decimal 324)
   defining Unicode char U+0147 (decimal 327)
   defining Unicode char U+0148 (decimal 328)
   defining Unicode char U+014A (decimal 330)
   defining Unicode char U+014B (decimal 331)
   defining Unicode char U+0150 (decimal 336)
   defining Unicode char U+0151 (decimal 337)
   defining Unicode char U+0152 (decimal 338)
   defining Unicode char U+0153 (decimal 339)
   defining Unicode char U+0154 (decimal 340)
   defining Unicode char U+0155 (decimal 341)
   defining Unicode char U+0158 (decimal 344)
   defining Unicode char U+0159 (decimal 345)
   defining Unicode char U+015A (decimal 346)
   defining Unicode char U+015B (decimal 347)
   defining Unicode char U+015E (decimal 350)
   defining Unicode char U+015F (decimal 351)
   defining Unicode char U+0160 (decimal 352)
   defining Unicode char U+0161 (decimal 353)
   defining Unicode char U+0162 (decimal 354)
   defining Unicode char U+0163 (decimal 355)
   defining Unicode char U+0164 (decimal 356)
   defining Unicode char U+0165 (decimal 357)
   defining Unicode char U+016E (decimal 366)
   defining Unicode char U+016F (decimal 367)
   defining Unicode char U+0170 (decimal 368)
   defining Unicode char U+0171 (decimal 369)
   defining Unicode char U+0178 (decimal 376)
   defining Unicode char U+0179 (decimal 377)
   defining Unicode char U+017A (decimal 378)
   defining Unicode char U+017B (decimal 379)
   defining Unicode char U+017C (decimal 380)
   defining Unicode char U+017D (decimal 381)
   defining Unicode char U+017E (decimal 382)
   defining Unicode char U+200C (decimal 8204)
   defining Unicode char U+2013 (decimal 8211)
   defining Unicode char U+2014 (decimal 8212)
   defining Unicode char U+2018 (decimal 8216)
   defining Unicode char U+2019 (decimal 8217)
   defining Unicode char U+201A (decimal 8218)
   defining Unicode char U+201C (decimal 8220)
   defining Unicode char U+201D (decimal 8221)
   defining Unicode char U+201E (decimal 8222)
   defining Unicode char U+2030 (decimal 8240)
   defining Unicode char U+2031 (decimal 8241)
   defining Unicode char U+2039 (decimal 8249)
   defining Unicode char U+203A (decimal 8250)
   defining Unicode char U+2423 (decimal 9251)
)
Now handling font encoding OT1 ...
... processing UTF-8 mapping file for font encoding OT1

("C:\Program Files\MiKTeX 2.9\tex\latex\base\ot1enc.dfu"
File: ot1enc.dfu 2015/06/27 v1.1n UTF-8 support for inputenc
   defining Unicode char U+00A1 (decimal 161)
   defining Unicode char U+00A3 (decimal 163)
   defining Unicode char U+00B8 (decimal 184)
   defining Unicode char U+00BF (decimal 191)
   defining Unicode char U+00C5 (decimal 197)
   defining Unicode char U+00C6 (decimal 198)
   defining Unicode char U+00D8 (decimal 216)
   defining Unicode char U+00DF (decimal 223)
   defining Unicode char U+00E6 (decimal 230)
   defining Unicode char U+00EC (decimal 236)
   defining Unicode char U+00ED (decimal 237)
   defining Unicode char U+00EE (decimal 238)
   defining Unicode char U+00EF (decimal 239)
   defining Unicode char U+00F8 (decimal 248)
   defining Unicode char U+0131 (decimal 305)
   defining Unicode char U+0141 (decimal 321)
   defining Unicode char U+0142 (decimal 322)
   defining Unicode char U+0152 (decimal 338)
   defining Unicode char U+0153 (decimal 339)
   defining Unicode char U+2013 (decimal 8211)
   defining Unicode char U+2014 (decimal 8212)
   defining Unicode char U+2018 (decimal 8216)
   defining Unicode char U+2019 (decimal 8217)
   defining Unicode char U+201C (decimal 8220)
   defining Unicode char U+201D (decimal 8221)
)
Now handling font encoding OMS ...
... processing UTF-8 mapping file for font encoding OMS

("C:\Program Files\MiKTeX 2.9\tex\latex\base\omsenc.dfu"
File: omsenc.dfu 2015/06/27 v1.1n UTF-8 support for inputenc
   defining Unicode char U+00A7 (decimal 167)
   defining Unicode char U+00B6 (decimal 182)
   defining Unicode char U+00B7 (decimal 183)
   defining Unicode char U+2020 (decimal 8224)
   defining Unicode char U+2021 (decimal 8225)
   defining Unicode char U+2022 (decimal 8226)
)
Now handling font encoding OMX ...
... no UTF-8 mapping file for font encoding OMX
Now handling font encoding U ...
... no UTF-8 mapping file for font encoding U
   defining Unicode char U+00A9 (decimal 169)
   defining Unicode char U+00AA (decimal 170)
   defining Unicode char U+00AE (decimal 174)
   defining Unicode char U+00BA (decimal 186)
   defining Unicode char U+02C6 (decimal 710)
   defining Unicode char U+02DC (decimal 732)
   defining Unicode char U+200C (decimal 8204)
   defining Unicode char U+2026 (decimal 8230)
   defining Unicode char U+2122 (decimal 8482)
   defining Unicode char U+2423 (decimal 9251)
))
("C:\Program Files\MiKTeX 2.9\tex\generic\babel\babel.sty"
Package: babel 2015/08/03 3.9m The Babel package

*************************************
* Local config file bblopts.cfg used
*
("C:\Program Files\MiKTeX 2.9\tex\latex\00miktex\bblopts.cfg"
File: bblopts.cfg 2006/07/31 v1.0 MiKTeX 'babel' configuration
)
("C:\Program Files\MiKTeX 2.9\tex\latex\babel-english\english.ldf"
Language: english 2012/08/20 v3.3p English support from the babel system

("C:\Program Files\MiKTeX 2.9\tex\generic\babel\babel.def"
File: babel.def 2015/08/03 3.9m Babel common definitions
\babel@savecnt=\count99
\U@D=\dimen112
)
\l@canadian = a dialect from \language\l@american 
\l@australian = a dialect from \language\l@british 
\l@newzealand = a dialect from \language\l@british 
))
("C:\Program Files\MiKTeX 2.9\tex\latex\hyperref\hyperref.sty"
Package: hyperref 2012/11/06 v6.83m Hypertext links for LaTeX

("C:\Program Files\MiKTeX 2.9\tex\generic\oberdiek\hobsub-hyperref.sty"
Package: hobsub-hyperref 2012/04/25 v1.12 Bundle oberdiek, subset hyperref (HO)


("C:\Program Files\MiKTeX 2.9\tex\generic\oberdiek\hobsub-generic.sty"
Package: hobsub-generic 2012/04/25 v1.12 Bundle oberdiek, subset generic (HO)
Package: hobsub 2012/04/25 v1.12 Construct package bundles (HO)
Package: infwarerr 2010/04/08 v1.3 Providing info/warning/error messages (HO)
Package: ltxcmds 2011/11/09 v1.22 LaTeX kernel commands for general use (HO)
Package: ifluatex 2010/03/01 v1.3 Provides the ifluatex switch (HO)
Package ifluatex Info: LuaTeX not detected.
Package: ifvtex 2010/03/01 v1.5 Detect VTeX and its facilities (HO)
Package ifvtex Info: VTeX not detected.
Package: intcalc 2007/09/27 v1.1 Expandable calculations with integers (HO)
Package: ifpdf 2011/01/30 v2.3 Provides the ifpdf switch (HO)
Package ifpdf Info: pdfTeX in PDF mode is detected.
Package: etexcmds 2011/02/16 v1.5 Avoid name clashes with e-TeX commands (HO)
Package etexcmds Info: Could not find \expanded.
(etexcmds)             That can mean that you are not using pdfTeX 1.50 or
(etexcmds)             that some package has redefined \expanded.
(etexcmds)             In the latter case, load this package earlier.
Package: kvsetkeys 2012/04/25 v1.16 Key value parser (HO)
Package: kvdefinekeys 2011/04/07 v1.3 Define keys (HO)
Package: pdftexcmds 2011/11/29 v0.20 Utility functions of pdfTeX for LuaTeX (HO
)
Package pdftexcmds Info: LuaTeX not detected.
Package pdftexcmds Info: \pdf@primitive is available.
Package pdftexcmds Info: \pdf@ifprimitive is available.
Package pdftexcmds Info: \pdfdraftmode found.
Package: pdfescape 2011/11/25 v1.13 Implements pdfTeX's escape features (HO)
Package: bigintcalc 2012/04/08 v1.3 Expandable calculations on big integers (HO
)
Package: bitset 2011/01/30 v1.1 Handle bit-vector datatype (HO)
Package: uniquecounter 2011/01/30 v1.2 Provide unlimited unique counter (HO)
)
Package hobsub Info: Skipping package `hobsub' (already loaded).
Package: letltxmacro 2010/09/02 v1.4 Let assignment for LaTeX macros (HO)
Package: hopatch 2011/06/24 v1.1 Wrapper for package hooks (HO)
Package: xcolor-patch 2011/01/30 xcolor patch
Package: atveryend 2011/06/30 v1.8 Hooks at the very end of document (HO)
Package atveryend Info: \enddocument detected (standard20110627).
Package: atbegshi 2011/10/05 v1.16 At begin shipout hook (HO)
Package: refcount 2011/10/16 v3.4 Data extraction from label references (HO)
Package: hycolor 2011/01/30 v1.7 Color options for hyperref/bookmark (HO)
)
("C:\Program Files\MiKTeX 2.9\tex\latex\graphics\keyval.sty"
Package: keyval 2014/10/28 v1.15 key=value parser (DPC)
\KV@toks@=\toks21
)
("C:\Program Files\MiKTeX 2.9\tex\generic\ifxetex\ifxetex.sty"
Package: ifxetex 2010/09/12 v0.6 Provides ifxetex conditional
)
("C:\Program Files\MiKTeX 2.9\tex\latex\oberdiek\auxhook.sty"
Package: auxhook 2011/03/04 v1.3 Hooks for auxiliary files (HO)
)
("C:\Program Files\MiKTeX 2.9\tex\latex\oberdiek\kvoptions.sty"
Package: kvoptions 2011/06/30 v3.11 Key value format for package options (HO)
)
\@linkdim=\dimen113
\Hy@linkcounter=\count100
\Hy@pagecounter=\count101

("C:\Program Files\MiKTeX 2.9\tex\latex\hyperref\pd1enc.def"
File: pd1enc.def 2012/11/06 v6.83m Hyperref: PDFDocEncoding definition (HO)
Now handling font encoding PD1 ...
... no UTF-8 mapping file for font encoding PD1
)
\Hy@SavedSpaceFactor=\count102

("C:\Program Files\MiKTeX 2.9\tex\latex\00miktex\hyperref.cfg"
File: hyperref.cfg 2002/06/06 v1.2 hyperref configuration of TeXLive
)
Package hyperref Info: Hyper figures OFF on input line 4443.
Package hyperref Info: Link nesting OFF on input line 4448.
Package hyperref Info: Hyper index ON on input line 4451.
Package hyperref Info: Plain pages OFF on input line 4458.
Package hyperref Info: Backreferencing OFF on input line 4463.
Package hyperref Info: Implicit mode ON; LaTeX internals redefined.
Package hyperref Info: Bookmarks ON on input line 4688.
\c@Hy@tempcnt=\count103

("C:\Program Files\MiKTeX 2.9\tex\latex\url\url.sty"
\Urlmuskip=\muskip11
Package: url 2013/09/16  ver 3.4  Verb mode for urls, etc.
)
LaTeX Info: Redefining \url on input line 5041.
\XeTeXLinkMargin=\dimen114
\Fld@menulength=\count104
\Field@Width=\dimen115
\Fld@charsize=\dimen116
Package hyperref Info: Hyper figures OFF on input line 6295.
Package hyperref Info: Link nesting OFF on input line 6300.
Package hyperref Info: Hyper index ON on input line 6303.
Package hyperref Info: backreferencing OFF on input line 6310.
Package hyperref Info: Link coloring OFF on input line 6315.
Package hyperref Info: Link coloring with OCG OFF on input line 6320.
Package hyperref Info: PDF/A mode OFF on input line 6325.
LaTeX Info: Redefining \ref on input line 6365.
LaTeX Info: Redefining \pageref on input line 6369.
\Hy@abspage=\count105
\c@Item=\count106
\c@Hfootnote=\count107
)

Package hyperref Message: Driver (autodetected): hpdftex.

("C:\Program Files\MiKTeX 2.9\tex\latex\hyperref\hpdftex.def"
File: hpdftex.def 2012/11/06 v6.83m Hyperref driver for pdfTeX
\Fld@listcount=\count108
\c@bookmark@seq@number=\count109

("C:\Program Files\MiKTeX 2.9\tex\latex\oberdiek\rerunfilecheck.sty"
Package: rerunfilecheck 2011/04/15 v1.7 Rerun checks for auxiliary files (HO)
Package uniquecounter Info: New unique counter `rerunfilecheck' on input line 2
82.
)
\Hy@SectionHShift=\skip46
)
("C:\Program Files\MiKTeX 2.9\tex\latex\graphics\graphicx.sty"
Package: graphicx 2014/10/28 v1.0g Enhanced LaTeX Graphics (DPC,SPQR)

("C:\Program Files\MiKTeX 2.9\tex\latex\graphics\graphics.sty"
Package: graphics 2014/10/28 v1.0p Standard LaTeX Graphics (DPC,SPQR)

("C:\Program Files\MiKTeX 2.9\tex\latex\graphics\trig.sty"
Package: trig 1999/03/16 v1.09 sin cos tan (DPC)
)
("C:\Program Files\MiKTeX 2.9\tex\latex\00miktex\graphics.cfg"
File: graphics.cfg 2007/01/18 v1.5 graphics configuration of teTeX/TeXLive
)
Package graphics Info: Driver file: pdftex.def on input line 94.

("C:\Program Files\MiKTeX 2.9\tex\latex\graphics\graphics-def\pdftex.def"
File: pdftex.def 2016/07/10 v0.06j Graphics/color for pdfTeX
\Gread@gobject=\count110
))
\Gin@req@height=\dimen117
\Gin@req@width=\dimen118
)
("C:\Program Files\MiKTeX 2.9\tex\latex\listings\listings.sty"
\lst@mode=\count111
\lst@gtempboxa=\box28
\lst@token=\toks22
\lst@length=\count112
\lst@currlwidth=\dimen119
\lst@column=\count113
\lst@pos=\count114
\lst@lostspace=\dimen120
\lst@width=\dimen121
\lst@newlines=\count115
\lst@lineno=\count116
\lst@maxwidth=\dimen122

("C:\Program Files\MiKTeX 2.9\tex\latex\listings\lstmisc.sty"
File: lstmisc.sty 2015/06/04 1.6 (Carsten Heinz)
\c@lstnumber=\count117
\lst@skipnumbers=\count118
\lst@framebox=\box29
)
("C:\Program Files\MiKTeX 2.9\tex\latex\listings\listings.cfg"
File: listings.cfg 2015/06/04 1.6 listings configuration
))
Package: listings 2015/06/04 1.6 (Carsten Heinz)

("C:\Program Files\MiKTeX 2.9\tex\latex\geometry\geometry.sty"
Package: geometry 2010/09/12 v5.6 Page Geometry
\Gm@cnth=\count119
\Gm@cntv=\count120
\c@Gm@tempcnt=\count121
\Gm@bindingoffset=\dimen123
\Gm@wd@mp=\dimen124
\Gm@odd@mp=\dimen125
\Gm@even@mp=\dimen126
\Gm@layoutwidth=\dimen127
\Gm@layoutheight=\dimen128
\Gm@layouthoffset=\dimen129
\Gm@layoutvoffset=\dimen130
\Gm@dimlist=\toks23

("C:\Program Files\MiKTeX 2.9\tex\latex\geometry\geometry.cfg"))
("C:\Program Files\MiKTeX 2.9\tex\latex\braket\braket.sty")
("C:\Program Files\MiKTeX 2.9\tex\latex\ltxmisc\parskip.sty"
Package: parskip 2001/04/09 non-zero parskip adjustments
)
("C:\Program Files\MiKTeX 2.9\tex\latex\oberdiek\epstopdf.sty"
Package: epstopdf 2010/02/09 v2.5 Conversion with epstopdf on the fly (HO)

("C:\Program Files\MiKTeX 2.9\tex\latex\oberdiek\epstopdf-base.sty"
Package: epstopdf-base 2010/02/09 v2.5 Base part for package epstopdf

("C:\Program Files\MiKTeX 2.9\tex\latex\oberdiek\grfext.sty"
Package: grfext 2010/08/19 v1.1 Manage graphics extensions (HO)
)
Package epstopdf-base Info: Redefining graphics rule for `.eps' on input line 4
34.
Package grfext Info: Graphics extension search list:
(grfext)             [.png,.pdf,.jpg,.mps,.jpeg,.jbig2,.jb2,.PNG,.PDF,.JPG,.JPE
G,.JBIG2,.JB2,.eps]
(grfext)             \AppendGraphicsExtensions on input line 452.
))
("C:\Program Files\MiKTeX 2.9\tex\latex\isodate\isodate.sty"
Package: isodate 2010/01/03 v2.30 Print dates with different formats (HH)

("C:\Program Files\MiKTeX 2.9\tex\latex\base\ifthen.sty"
Package: ifthen 2014/09/29 v1.1c Standard LaTeX ifthen package (DPC)
)
("C:\Program Files\MiKTeX 2.9\tex\latex\substr\substr.sty"
Package: substr 2009/10/20 v1.2 Handle substrings
\c@su@anzahl=\count122
)
("C:\Program Files\MiKTeX 2.9\tex\latex\isodate\english.idf"
File: english.idf 2010/01/03 v2.30 Language definitions for isodate package (HH
)

Define commands for English date format
)
\c@iso@tmpmonth=\count123
\c@iso@yeartwo=\count124
\c@iso@slash=\count125
\c@iso@minus=\count126
\c@iso@dot=\count127
\c@iso@@slash=\count128
\c@iso@@minus=\count129
\c@iso@@dot=\count130
) ("C:\Program Files\MiKTeX 2.9\tex\latex\multirow\multirow.sty"
\bigstrutjot=\dimen131
) (test.aux

LaTeX Warning: Label `my-label' multiply defined.


LaTeX Warning: Label `my-label' multiply defined.


LaTeX Warning: Label `my-label' multiply defined.


LaTeX Warning: Label `my-label' multiply defined.


LaTeX Warning: Label `my-label' multiply defined.


LaTeX Warning: Label `my-label' multiply defined.


LaTeX Warning: Label `my-label' multiply defined.


LaTeX Warning: Label `my-label' multiply defined.


LaTeX Warning: Label `my-label' multiply defined.


LaTeX Warning: Label `my-label' multiply defined.


LaTeX Warning: Label `my-label' multiply defined.

)
LaTeX Font Info:    Checking defaults for OML/cmm/m/it on input line 32.
LaTeX Font Info:    ... okay on input line 32.
LaTeX Font Info:    Checking defaults for T1/cmr/m/n on input line 32.
LaTeX Font Info:    ... okay on input line 32.
LaTeX Font Info:    Checking defaults for OT1/cmr/m/n on input line 32.
LaTeX Font Info:    ... okay on input line 32.
LaTeX Font Info:    Checking defaults for OMS/cmsy/m/n on input line 32.
LaTeX Font Info:    ... okay on input line 32.
LaTeX Font Info:    Checking defaults for OMX/cmex/m/n on input line 32.
LaTeX Font Info:    ... okay on input line 32.
LaTeX Font Info:    Checking defaults for U/cmr/m/n on input line 32.
LaTeX Font Info:    ... okay on input line 32.
LaTeX Font Info:    Checking defaults for PD1/pdf/m/n on input line 32.
LaTeX Font Info:    ... okay on input line 32.
\AtBeginShipoutBox=\box30
Package hyperref Info: Link coloring OFF on input line 32.
 ("C:\Program Files\MiKTeX 2.9\tex\latex\hyperref\nameref.sty"
Package: nameref 2012/10/27 v2.43 Cross-referencing by name of section

("C:\Program Files\MiKTeX 2.9\tex\generic\oberdiek\gettitlestring.sty"
Package: gettitlestring 2010/12/03 v1.4 Cleanup title references (HO)
)
\c@section@level=\count131
)
LaTeX Info: Redefining \ref on input line 32.
LaTeX Info: Redefining \pageref on input line 32.
LaTeX Info: Redefining \nameref on input line 32.

(test.out) (test.out)
\@outlinefile=\write3

("C:\Program Files\MiKTeX 2.9\tex\context\base\supp-pdf.mkii"
[Loading MPS to PDF converter (version 2006.09.02).]
\scratchcounter=\count132
\scratchdimen=\dimen132
\scratchbox=\box31
\nofMPsegments=\count133
\nofMParguments=\count134
\everyMPshowfont=\toks24
\MPscratchCnt=\count135
\MPscratchDim=\dimen133
\MPnumerator=\count136
\makeMPintoPDFobject=\count137
\everyMPtoPDFconversion=\toks25
)
\c@lstlisting=\count138

*geometry* driver: auto-detecting
*geometry* detected driver: pdftex
*geometry* verbose mode - [ preamble ] result:
* driver: pdftex
* paper: letterpaper
* layout: <same size as paper>
* layoutoffset:(h,v)=(0.0pt,0.0pt)
* modes: 
* h-part:(L,W,R)=(72.26999pt, 469.75502pt, 72.26999pt)
* v-part:(T,H,B)=(72.26999pt, 650.43001pt, 72.26999pt)
* \paperwidth=614.295pt
* \paperheight=794.96999pt
* \textwidth=469.75502pt
* \textheight=650.43001pt
* \oddsidemargin=0.0pt
* \evensidemargin=0.0pt
* \topmargin=-37.0pt
* \headheight=12.0pt
* \headsep=25.0pt
* \topskip=10.0pt
* \footskip=30.0pt
* \marginparwidth=65.0pt
* \marginparsep=11.0pt
* \columnsep=10.0pt
* \skip\footins=9.0pt plus 4.0pt minus 2.0pt
* \hoffset=0.0pt
* \voffset=0.0pt
* \mag=1000
* \@twocolumnfalse
* \@twosidefalse
* \@mparswitchfalse
* \@reversemarginfalse
* (1in=72.27pt=25.4mm, 1cm=28.453pt)

isodate: babel.sty has been loaded
LaTeX Font Info:    Try loading font information for U+pzd on input line 446.
("C:\Program Files\MiKTeX 2.9\tex\latex\psnfss\upzd.fd"
File: upzd.fd 2001/06/04 font definitions for U/pzd.
){C:/Users/Eranjan/AppData/Local/MiKTeX/2.9/pdftex/config/pdftex.map}
Overfull \hbox (20.27795pt too wide) in paragraph at lines 446--446
 [][] 
 []


Overfull \hbox (3.1809pt too wide) in paragraph at lines 446--446
[][][][][]| 
 []


Overfull \hbox (3.1809pt too wide) in paragraph at lines 446--446
[][][][][]| 
 []


Overfull \hbox (3.1809pt too wide) in paragraph at lines 446--446
[][][][][]| 
 []


Overfull \hbox (3.1809pt too wide) in paragraph at lines 446--446
[][][][][]| 
 []


Overfull \hbox (3.1809pt too wide) in paragraph at lines 446--446
[][][][][]| 
 []


Overfull \hbox (3.1809pt too wide) in paragraph at lines 446--446
[][][][][]| 
 []


Overfull \hbox (3.1809pt too wide) in paragraph at lines 446--446
[][][][][]| 
 []


Overfull \hbox (3.1809pt too wide) in paragraph at lines 446--446
[][][][][]| 
 []


Overfull \hbox (3.1809pt too wide) in paragraph at lines 446--446
[][][][][]| 
 []


Overfull \hbox (3.1809pt too wide) in paragraph at lines 446--446
[][][][][]| 
 []


Overfull \hbox (3.1809pt too wide) in paragraph at lines 446--446
[][][][][]| 
 []


Overfull \hbox (3.1809pt too wide) in paragraph at lines 446--446
[][][][][]| 
 []


Overfull \hbox (3.1809pt too wide) in paragraph at lines 446--446
[][][][][]| 
 []


Overfull \hbox (3.1809pt too wide) in paragraph at lines 446--446
[][][][][]| 
 []


Overfull \hbox (3.1809pt too wide) in paragraph at lines 446--446
[][][][][]| 
 []


Overfull \hbox (3.1809pt too wide) in paragraph at lines 446--446
[][][][][]| 
 []


Overfull \hbox (3.1809pt too wide) in paragraph at lines 446--446
[][][][][]| 
 []


Overfull \hbox (3.1809pt too wide) in paragraph at lines 446--446
[][][][][]| 
 []


Overfull \hbox (3.1809pt too wide) in paragraph at lines 446--446
[][][][][]| 
 []


Overfull \hbox (3.1809pt too wide) in paragraph at lines 446--446
[][][][][]| 
 []


Overfull \hbox (21.47452pt too wide) in paragraph at lines 446--446
 [][] 
 []

[1

]
Overfull \hbox (20.27795pt too wide) in paragraph at lines 447--447
 [][] 
 []


Overfull \hbox (3.1809pt too wide) in paragraph at lines 447--447
[][][][][]| 
 []


Overfull \hbox (3.1809pt too wide) in paragraph at lines 447--447
[][][][][]| 
 []


Overfull \hbox (3.1809pt too wide) in paragraph at lines 447--447
[][][][][]| 
 []


Overfull \hbox (3.1809pt too wide) in paragraph at lines 447--447
[][][][][]| 
 []


Overfull \hbox (3.1809pt too wide) in paragraph at lines 447--447
[][][][][]| 
 []


Overfull \hbox (3.1809pt too wide) in paragraph at lines 447--447
[][][][][]| 
 []


Overfull \hbox (3.1809pt too wide) in paragraph at lines 447--447
[][][][][]| 
 []


Overfull \hbox (3.1809pt too wide) in paragraph at lines 447--447
[][][][][]| 
 []


Overfull \hbox (3.1809pt too wide) in paragraph at lines 447--447
[][][][][]| 
 []


Overfull \hbox (3.1809pt too wide) in paragraph at lines 447--447
[][][][][]| 
 []


Overfull \hbox (3.1809pt too wide) in paragraph at lines 447--447
[][][][][]| 
 []


Overfull \hbox (3.1809pt too wide) in paragraph at lines 447--447
[][][][][]| 
 []


Overfull \hbox (3.1809pt too wide) in paragraph at lines 447--447
[][][][][]| 
 []


Overfull \hbox (3.1809pt too wide) in paragraph at lines 447--447
[][][][][]| 
 []


Overfull \hbox (3.1809pt too wide) in paragraph at lines 447--447
[][][][][]| 
 []


Overfull \hbox (3.1809pt too wide) in paragraph at lines 447--447
[][][][][]| 
 []


Overfull \hbox (3.1809pt too wide) in paragraph at lines 447--447
[][][][][]| 
 []


Overfull \hbox (3.1809pt too wide) in paragraph at lines 447--447
[][][][][]| 
 []


Overfull \hbox (3.1809pt too wide) in paragraph at lines 447--447
[][][][][]| 
 []


Overfull \hbox (3.1809pt too wide) in paragraph at lines 447--447
[][][][][]| 
 []


Overfull \hbox (21.47452pt too wide) in paragraph at lines 447--447
 [][] 
 []

pdfTeX warning (ext4): destination with the same identifier (name{page.}) has b
een already used, duplicate ignored
<to be read again> 
                   \relax 
l.447 \mycommand{2}
                    [2

]
Overfull \hbox (20.27795pt too wide) in paragraph at lines 448--448
 [][] 
 []


Overfull \hbox (3.1809pt too wide) in paragraph at lines 448--448
[][][][][]| 
 []


Overfull \hbox (3.1809pt too wide) in paragraph at lines 448--448
[][][][][]| 
 []


Overfull \hbox (3.1809pt too wide) in paragraph at lines 448--448
[][][][][]| 
 []


Overfull \hbox (3.1809pt too wide) in paragraph at lines 448--448
[][][][][]| 
 []


Overfull \hbox (3.1809pt too wide) in paragraph at lines 448--448
[][][][][]| 
 []


Overfull \hbox (3.1809pt too wide) in paragraph at lines 448--448
[][][][][]| 
 []


Overfull \hbox (3.1809pt too wide) in paragraph at lines 448--448
[][][][][]| 
 []


Overfull \hbox (3.1809pt too wide) in paragraph at lines 448--448
[][][][][]| 
 []


Overfull \hbox (3.1809pt too wide) in paragraph at lines 448--448
[][][][][]| 
 []


Overfull \hbox (3.1809pt too wide) in paragraph at lines 448--448
[][][][][]| 
 []


Overfull \hbox (3.1809pt too wide) in paragraph at lines 448--448
[][][][][]| 
 []


Overfull \hbox (3.1809pt too wide) in paragraph at lines 448--448
[][][][][]| 
 []


Overfull \hbox (3.1809pt too wide) in paragraph at lines 448--448
[][][][][]| 
 []


Overfull \hbox (3.1809pt too wide) in paragraph at lines 448--448
[][][][][]| 
 []


Overfull \hbox (3.1809pt too wide) in paragraph at lines 448--448
[][][][][]| 
 []


Overfull \hbox (3.1809pt too wide) in paragraph at lines 448--448
[][][][][]| 
 []


Overfull \hbox (3.1809pt too wide) in paragraph at lines 448--448
[][][][][]| 
 []


Overfull \hbox (3.1809pt too wide) in paragraph at lines 448--448
[][][][][]| 
 []


Overfull \hbox (3.1809pt too wide) in paragraph at lines 448--448
[][][][][]| 
 []


Overfull \hbox (3.1809pt too wide) in paragraph at lines 448--448
[][][][][]| 
 []


Overfull \hbox (21.47452pt too wide) in paragraph at lines 448--448
 [][] 
 []

pdfTeX warning (ext4): destination with the same identifier (name{page.}) has b
een already used, duplicate ignored
<to be read again> 
                   \relax 
l.448 \mycommand{3}
                    [3

]
Overfull \hbox (20.27795pt too wide) in paragraph at lines 449--449
 [][] 
 []


Overfull \hbox (3.1809pt too wide) in paragraph at lines 449--449
[][][][][]| 
 []


Overfull \hbox (3.1809pt too wide) in paragraph at lines 449--449
[][][][][]| 
 []


Overfull \hbox (3.1809pt too wide) in paragraph at lines 449--449
[][][][][]| 
 []


Overfull \hbox (3.1809pt too wide) in paragraph at lines 449--449
[][][][][]| 
 []


Overfull \hbox (3.1809pt too wide) in paragraph at lines 449--449
[][][][][]| 
 []


Overfull \hbox (3.1809pt too wide) in paragraph at lines 449--449
[][][][][]| 
 []


Overfull \hbox (3.1809pt too wide) in paragraph at lines 449--449
[][][][][]| 
 []


Overfull \hbox (3.1809pt too wide) in paragraph at lines 449--449
[][][][][]| 
 []


Overfull \hbox (3.1809pt too wide) in paragraph at lines 449--449
[][][][][]| 
 []


Overfull \hbox (3.1809pt too wide) in paragraph at lines 449--449
[][][][][]| 
 []


Overfull \hbox (3.1809pt too wide) in paragraph at lines 449--449
[][][][][]| 
 []


Overfull \hbox (3.1809pt too wide) in paragraph at lines 449--449
[][][][][]| 
 []


Overfull \hbox (3.1809pt too wide) in paragraph at lines 449--449
[][][][][]| 
 []


Overfull \hbox (3.1809pt too wide) in paragraph at lines 449--449
[][][][][]| 
 []


Overfull \hbox (3.1809pt too wide) in paragraph at lines 449--449
[][][][][]| 
 []


Overfull \hbox (3.1809pt too wide) in paragraph at lines 449--449
[][][][][]| 
 []


Overfull \hbox (3.1809pt too wide) in paragraph at lines 449--449
[][][][][]| 
 []


Overfull \hbox (3.1809pt too wide) in paragraph at lines 449--449
[][][][][]| 
 []


Overfull \hbox (3.1809pt too wide) in paragraph at lines 449--449
[][][][][]| 
 []


Overfull \hbox (3.1809pt too wide) in paragraph at lines 449--449
[][][][][]| 
 []


Overfull \hbox (21.47452pt too wide) in paragraph at lines 449--449
 [][] 
 []

pdfTeX warning (ext4): destination with the same identifier (name{page.}) has b
een already used, duplicate ignored
<to be read again> 
                   \relax 
l.449 \mycommand{4}
                    [4

]
Overfull \hbox (20.27795pt too wide) in paragraph at lines 450--450
 [][] 
 []


Overfull \hbox (3.1809pt too wide) in paragraph at lines 450--450
[][][][][]| 
 []


Overfull \hbox (3.1809pt too wide) in paragraph at lines 450--450
[][][][][]| 
 []


Overfull \hbox (3.1809pt too wide) in paragraph at lines 450--450
[][][][][]| 
 []


Overfull \hbox (3.1809pt too wide) in paragraph at lines 450--450
[][][][][]| 
 []


Overfull \hbox (3.1809pt too wide) in paragraph at lines 450--450
[][][][][]| 
 []


Overfull \hbox (3.1809pt too wide) in paragraph at lines 450--450
[][][][][]| 
 []


Overfull \hbox (3.1809pt too wide) in paragraph at lines 450--450
[][][][][]| 
 []


Overfull \hbox (3.1809pt too wide) in paragraph at lines 450--450
[][][][][]| 
 []


Overfull \hbox (3.1809pt too wide) in paragraph at lines 450--450
[][][][][]| 
 []


Overfull \hbox (3.1809pt too wide) in paragraph at lines 450--450
[][][][][]| 
 []


Overfull \hbox (3.1809pt too wide) in paragraph at lines 450--450
[][][][][]| 
 []


Overfull \hbox (3.1809pt too wide) in paragraph at lines 450--450
[][][][][]| 
 []


Overfull \hbox (3.1809pt too wide) in paragraph at lines 450--450
[][][][][]| 
 []


Overfull \hbox (3.1809pt too wide) in paragraph at lines 450--450
[][][][][]| 
 []


Overfull \hbox (3.1809pt too wide) in paragraph at lines 450--450
[][][][][]| 
 []


Overfull \hbox (3.1809pt too wide) in paragraph at lines 450--450
[][][][][]| 
 []


Overfull \hbox (3.1809pt too wide) in paragraph at lines 450--450
[][][][][]| 
 []


Overfull \hbox (3.1809pt too wide) in paragraph at lines 450--450
[][][][][]| 
 []


Overfull \hbox (3.1809pt too wide) in paragraph at lines 450--450
[][][][][]| 
 []


Overfull \hbox (3.1809pt too wide) in paragraph at lines 450--450
[][][][][]| 
 []


Overfull \hbox (21.47452pt too wide) in paragraph at lines 450--450
 [][] 
 []

pdfTeX warning (ext4): destination with the same identifier (name{page.}) has b
een already used, duplicate ignored
<to be read again> 
                   \relax 
l.450 \mycommand{5}
                    [5

]
Overfull \hbox (20.27795pt too wide) in paragraph at lines 451--451
 [][] 
 []


Overfull \hbox (3.1809pt too wide) in paragraph at lines 451--451
[][][][][]| 
 []


Overfull \hbox (3.1809pt too wide) in paragraph at lines 451--451
[][][][][]| 
 []


Overfull \hbox (3.1809pt too wide) in paragraph at lines 451--451
[][][][][]| 
 []


Overfull \hbox (3.1809pt too wide) in paragraph at lines 451--451
[][][][][]| 
 []


Overfull \hbox (3.1809pt too wide) in paragraph at lines 451--451
[][][][][]| 
 []


Overfull \hbox (3.1809pt too wide) in paragraph at lines 451--451
[][][][][]| 
 []


Overfull \hbox (3.1809pt too wide) in paragraph at lines 451--451
[][][][][]| 
 []


Overfull \hbox (3.1809pt too wide) in paragraph at lines 451--451
[][][][][]| 
 []


Overfull \hbox (3.1809pt too wide) in paragraph at lines 451--451
[][][][][]| 
 []


Overfull \hbox (3.1809pt too wide) in paragraph at lines 451--451
[][][][][]| 
 []


Overfull \hbox (3.1809pt too wide) in paragraph at lines 451--451
[][][][][]| 
 []


Overfull \hbox (3.1809pt too wide) in paragraph at lines 451--451
[][][][][]| 
 []


Overfull \hbox (3.1809pt too wide) in paragraph at lines 451--451
[][][][][]| 
 []


Overfull \hbox (3.1809pt too wide) in paragraph at lines 451--451
[][][][][]| 
 []


Overfull \hbox (3.1809pt too wide) in paragraph at lines 451--451
[][][][][]| 
 []


Overfull \hbox (3.1809pt too wide) in paragraph at lines 451--451
[][][][][]| 
 []


Overfull \hbox (3.1809pt too wide) in paragraph at lines 451--451
[][][][][]| 
 []


Overfull \hbox (3.1809pt too wide) in paragraph at lines 451--451
[][][][][]| 
 []


Overfull \hbox (3.1809pt too wide) in paragraph at lines 451--451
[][][][][]| 
 []


Overfull \hbox (3.1809pt too wide) in paragraph at lines 451--451
[][][][][]| 
 []


Overfull \hbox (21.47452pt too wide) in paragraph at lines 451--451
 [][] 
 []

pdfTeX warning (ext4): destination with the same identifier (name{page.}) has b
een already used, duplicate ignored
<to be read again> 
                   \relax 
l.451 \mycommand{6}
                    [6

]
Overfull \hbox (20.27795pt too wide) in paragraph at lines 452--452
 [][] 
 []


Overfull \hbox (3.1809pt too wide) in paragraph at lines 452--452
[][][][][]| 
 []


Overfull \hbox (3.1809pt too wide) in paragraph at lines 452--452
[][][][][]| 
 []


Overfull \hbox (3.1809pt too wide) in paragraph at lines 452--452
[][][][][]| 
 []


Overfull \hbox (3.1809pt too wide) in paragraph at lines 452--452
[][][][][]| 
 []


Overfull \hbox (3.1809pt too wide) in paragraph at lines 452--452
[][][][][]| 
 []


Overfull \hbox (3.1809pt too wide) in paragraph at lines 452--452
[][][][][]| 
 []


Overfull \hbox (3.1809pt too wide) in paragraph at lines 452--452
[][][][][]| 
 []


Overfull \hbox (3.1809pt too wide) in paragraph at lines 452--452
[][][][][]| 
 []


Overfull \hbox (3.1809pt too wide) in paragraph at lines 452--452
[][][][][]| 
 []


Overfull \hbox (3.1809pt too wide) in paragraph at lines 452--452
[][][][][]| 
 []


Overfull \hbox (3.1809pt too wide) in paragraph at lines 452--452
[][][][][]| 
 []


Overfull \hbox (3.1809pt too wide) in paragraph at lines 452--452
[][][][][]| 
 []


Overfull \hbox (3.1809pt too wide) in paragraph at lines 452--452
[][][][][]| 
 []


Overfull \hbox (3.1809pt too wide) in paragraph at lines 452--452
[][][][][]| 
 []


Overfull \hbox (3.1809pt too wide) in paragraph at lines 452--452
[][][][][]| 
 []


Overfull \hbox (3.1809pt too wide) in paragraph at lines 452--452
[][][][][]| 
 []


Overfull \hbox (3.1809pt too wide) in paragraph at lines 452--452
[][][][][]| 
 []


Overfull \hbox (3.1809pt too wide) in paragraph at lines 452--452
[][][][][]| 
 []


Overfull \hbox (3.1809pt too wide) in paragraph at lines 452--452
[][][][][]| 
 []


Overfull \hbox (3.1809pt too wide) in paragraph at lines 452--452
[][][][][]| 
 []


Overfull \hbox (21.47452pt too wide) in paragraph at lines 452--452
 [][] 
 []

pdfTeX warning (ext4): destination with the same identifier (name{page.}) has b
een already used, duplicate ignored
<to be read again> 
                   \relax 
l.452 \mycommand{7}
                    [7

]
Overfull \hbox (20.27795pt too wide) in paragraph at lines 453--453
 [][] 
 []


Overfull \hbox (3.1809pt too wide) in paragraph at lines 453--453
[][][][][]| 
 []


Overfull \hbox (3.1809pt too wide) in paragraph at lines 453--453
[][][][][]| 
 []


Overfull \hbox (3.1809pt too wide) in paragraph at lines 453--453
[][][][][]| 
 []


Overfull \hbox (3.1809pt too wide) in paragraph at lines 453--453
[][][][][]| 
 []


Overfull \hbox (3.1809pt too wide) in paragraph at lines 453--453
[][][][][]| 
 []


Overfull \hbox (3.1809pt too wide) in paragraph at lines 453--453
[][][][][]| 
 []


Overfull \hbox (3.1809pt too wide) in paragraph at lines 453--453
[][][][][]| 
 []


Overfull \hbox (3.1809pt too wide) in paragraph at lines 453--453
[][][][][]| 
 []


Overfull \hbox (3.1809pt too wide) in paragraph at lines 453--453
[][][][][]| 
 []


Overfull \hbox (3.1809pt too wide) in paragraph at lines 453--453
[][][][][]| 
 []


Overfull \hbox (3.1809pt too wide) in paragraph at lines 453--453
[][][][][]| 
 []


Overfull \hbox (3.1809pt too wide) in paragraph at lines 453--453
[][][][][]| 
 []


Overfull \hbox (3.1809pt too wide) in paragraph at lines 453--453
[][][][][]| 
 []


Overfull \hbox (3.1809pt too wide) in paragraph at lines 453--453
[][][][][]| 
 []


Overfull \hbox (3.1809pt too wide) in paragraph at lines 453--453
[][][][][]| 
 []


Overfull \hbox (3.1809pt too wide) in paragraph at lines 453--453
[][][][][]| 
 []


Overfull \hbox (3.1809pt too wide) in paragraph at lines 453--453
[][][][][]| 
 []


Overfull \hbox (3.1809pt too wide) in paragraph at lines 453--453
[][][][][]| 
 []


Overfull \hbox (3.1809pt too wide) in paragraph at lines 453--453
[][][][][]| 
 []


Overfull \hbox (3.1809pt too wide) in paragraph at lines 453--453
[][][][][]| 
 []


Overfull \hbox (21.47452pt too wide) in paragraph at lines 453--453
 [][] 
 []

pdfTeX warning (ext4): destination with the same identifier (name{page.}) has b
een already used, duplicate ignored
<to be read again> 
                   \relax 
l.453 \mycommand{8}
                    [8

]
Overfull \hbox (20.27795pt too wide) in paragraph at lines 454--454
 [][] 
 []


Overfull \hbox (3.1809pt too wide) in paragraph at lines 454--454
[][][][][]| 
 []


Overfull \hbox (3.1809pt too wide) in paragraph at lines 454--454
[][][][][]| 
 []


Overfull \hbox (3.1809pt too wide) in paragraph at lines 454--454
[][][][][]| 
 []


Overfull \hbox (3.1809pt too wide) in paragraph at lines 454--454
[][][][][]| 
 []


Overfull \hbox (3.1809pt too wide) in paragraph at lines 454--454
[][][][][]| 
 []


Overfull \hbox (3.1809pt too wide) in paragraph at lines 454--454
[][][][][]| 
 []


Overfull \hbox (3.1809pt too wide) in paragraph at lines 454--454
[][][][][]| 
 []


Overfull \hbox (3.1809pt too wide) in paragraph at lines 454--454
[][][][][]| 
 []


Overfull \hbox (3.1809pt too wide) in paragraph at lines 454--454
[][][][][]| 
 []


Overfull \hbox (3.1809pt too wide) in paragraph at lines 454--454
[][][][][]| 
 []


Overfull \hbox (3.1809pt too wide) in paragraph at lines 454--454
[][][][][]| 
 []


Overfull \hbox (3.1809pt too wide) in paragraph at lines 454--454
[][][][][]| 
 []


Overfull \hbox (3.1809pt too wide) in paragraph at lines 454--454
[][][][][]| 
 []


Overfull \hbox (3.1809pt too wide) in paragraph at lines 454--454
[][][][][]| 
 []


Overfull \hbox (3.1809pt too wide) in paragraph at lines 454--454
[][][][][]| 
 []


Overfull \hbox (3.1809pt too wide) in paragraph at lines 454--454
[][][][][]| 
 []


Overfull \hbox (3.1809pt too wide) in paragraph at lines 454--454
[][][][][]| 
 []


Overfull \hbox (3.1809pt too wide) in paragraph at lines 454--454
[][][][][]| 
 []


Overfull \hbox (3.1809pt too wide) in paragraph at lines 454--454
[][][][][]| 
 []


Overfull \hbox (3.1809pt too wide) in paragraph at lines 454--454
[][][][][]| 
 []


Overfull \hbox (21.47452pt too wide) in paragraph at lines 454--454
 [][] 
 []

pdfTeX warning (ext4): destination with the same identifier (name{page.}) has b
een already used, duplicate ignored
<to be read again> 
                   \relax 
l.454 \mycommand{9}
                    [9

]
Overfull \hbox (20.27795pt too wide) in paragraph at lines 455--455
 [][] 
 []


Overfull \hbox (3.1809pt too wide) in paragraph at lines 455--455
[][][][][]| 
 []


Overfull \hbox (3.1809pt too wide) in paragraph at lines 455--455
[][][][][]| 
 []


Overfull \hbox (3.1809pt too wide) in paragraph at lines 455--455
[][][][][]| 
 []


Overfull \hbox (3.1809pt too wide) in paragraph at lines 455--455
[][][][][]| 
 []


Overfull \hbox (3.1809pt too wide) in paragraph at lines 455--455
[][][][][]| 
 []


Overfull \hbox (3.1809pt too wide) in paragraph at lines 455--455
[][][][][]| 
 []


Overfull \hbox (3.1809pt too wide) in paragraph at lines 455--455
[][][][][]| 
 []


Overfull \hbox (3.1809pt too wide) in paragraph at lines 455--455
[][][][][]| 
 []


Overfull \hbox (3.1809pt too wide) in paragraph at lines 455--455
[][][][][]| 
 []


Overfull \hbox (3.1809pt too wide) in paragraph at lines 455--455
[][][][][]| 
 []


Overfull \hbox (3.1809pt too wide) in paragraph at lines 455--455
[][][][][]| 
 []


Overfull \hbox (3.1809pt too wide) in paragraph at lines 455--455
[][][][][]| 
 []


Overfull \hbox (3.1809pt too wide) in paragraph at lines 455--455
[][][][][]| 
 []


Overfull \hbox (3.1809pt too wide) in paragraph at lines 455--455
[][][][][]| 
 []


Overfull \hbox (3.1809pt too wide) in paragraph at lines 455--455
[][][][][]| 
 []


Overfull \hbox (3.1809pt too wide) in paragraph at lines 455--455
[][][][][]| 
 []


Overfull \hbox (3.1809pt too wide) in paragraph at lines 455--455
[][][][][]| 
 []


Overfull \hbox (3.1809pt too wide) in paragraph at lines 455--455
[][][][][]| 
 []


Overfull \hbox (3.1809pt too wide) in paragraph at lines 455--455
[][][][][]| 
 []


Overfull \hbox (3.1809pt too wide) in paragraph at lines 455--455
[][][][][]| 
 []


Overfull \hbox (21.47452pt too wide) in paragraph at lines 455--455
 [][] 
 []

pdfTeX warning (ext4): destination with the same identifier (name{page.}) has b
een already used, duplicate ignored
<to be read again> 
                   \relax 
l.455 \mycommand{10}
                     [10

]
Overfull \hbox (20.27795pt too wide) in paragraph at lines 456--456
 [][] 
 []


Overfull \hbox (3.1809pt too wide) in paragraph at lines 456--456
[][][][][]| 
 []


Overfull \hbox (3.1809pt too wide) in paragraph at lines 456--456
[][][][][]| 
 []


Overfull \hbox (3.1809pt too wide) in paragraph at lines 456--456
[][][][][]| 
 []


Overfull \hbox (3.1809pt too wide) in paragraph at lines 456--456
[][][][][]| 
 []


Overfull \hbox (3.1809pt too wide) in paragraph at lines 456--456
[][][][][]| 
 []


Overfull \hbox (3.1809pt too wide) in paragraph at lines 456--456
[][][][][]| 
 []


Overfull \hbox (3.1809pt too wide) in paragraph at lines 456--456
[][][][][]| 
 []


Overfull \hbox (3.1809pt too wide) in paragraph at lines 456--456
[][][][][]| 
 []


Overfull \hbox (3.1809pt too wide) in paragraph at lines 456--456
[][][][][]| 
 []


Overfull \hbox (3.1809pt too wide) in paragraph at lines 456--456
[][][][][]| 
 []


Overfull \hbox (3.1809pt too wide) in paragraph at lines 456--456
[][][][][]| 
 []


Overfull \hbox (3.1809pt too wide) in paragraph at lines 456--456
[][][][][]| 
 []


Overfull \hbox (3.1809pt too wide) in paragraph at lines 456--456
[][][][][]| 
 []


Overfull \hbox (3.1809pt too wide) in paragraph at lines 456--456
[][][][][]| 
 []


Overfull \hbox (3.1809pt too wide) in paragraph at lines 456--456
[][][][][]| 
 []


Overfull \hbox (3.1809pt too wide) in paragraph at lines 456--456
[][][][][]| 
 []


Overfull \hbox (3.1809pt too wide) in paragraph at lines 456--456
[][][][][]| 
 []


Overfull \hbox (3.1809pt too wide) in paragraph at lines 456--456
[][][][][]| 
 []


Overfull \hbox (3.1809pt too wide) in paragraph at lines 456--456
[][][][][]| 
 []


Overfull \hbox (3.1809pt too wide) in paragraph at lines 456--456
[][][][][]| 
 []


Overfull \hbox (21.47452pt too wide) in paragraph at lines 456--456
 [][] 
 []

pdfTeX warning (ext4): destination with the same identifier (name{page.}) has b
een already used, duplicate ignored
<to be read again> 
                   \relax 
l.456 \mycommand{11}
                     [11

]
Overfull \hbox (20.27795pt too wide) in paragraph at lines 457--457
 [][] 
 []


Overfull \hbox (3.1809pt too wide) in paragraph at lines 457--457
[][][][][]| 
 []


Overfull \hbox (3.1809pt too wide) in paragraph at lines 457--457
[][][][][]| 
 []


Overfull \hbox (3.1809pt too wide) in paragraph at lines 457--457
[][][][][]| 
 []


Overfull \hbox (3.1809pt too wide) in paragraph at lines 457--457
[][][][][]| 
 []


Overfull \hbox (3.1809pt too wide) in paragraph at lines 457--457
[][][][][]| 
 []


Overfull \hbox (3.1809pt too wide) in paragraph at lines 457--457
[][][][][]| 
 []


Overfull \hbox (3.1809pt too wide) in paragraph at lines 457--457
[][][][][]| 
 []


Overfull \hbox (3.1809pt too wide) in paragraph at lines 457--457
[][][][][]| 
 []


Overfull \hbox (3.1809pt too wide) in paragraph at lines 457--457
[][][][][]| 
 []


Overfull \hbox (3.1809pt too wide) in paragraph at lines 457--457
[][][][][]| 
 []


Overfull \hbox (3.1809pt too wide) in paragraph at lines 457--457
[][][][][]| 
 []


Overfull \hbox (3.1809pt too wide) in paragraph at lines 457--457
[][][][][]| 
 []


Overfull \hbox (3.1809pt too wide) in paragraph at lines 457--457
[][][][][]| 
 []


Overfull \hbox (3.1809pt too wide) in paragraph at lines 457--457
[][][][][]| 
 []


Overfull \hbox (3.1809pt too wide) in paragraph at lines 457--457
[][][][][]| 
 []


Overfull \hbox (3.1809pt too wide) in paragraph at lines 457--457
[][][][][]| 
 []


Overfull \hbox (3.1809pt too wide) in paragraph at lines 457--457
[][][][][]| 
 []


Overfull \hbox (3.1809pt too wide) in paragraph at lines 457--457
[][][][][]| 
 []


Overfull \hbox (3.1809pt too wide) in paragraph at lines 457--457
[][][][][]| 
 []


Overfull \hbox (3.1809pt too wide) in paragraph at lines 457--457
[][][][][]| 
 []


Overfull \hbox (21.47452pt too wide) in paragraph at lines 457--457
 [][] 
 []

pdfTeX warning (ext4): destination with the same identifier (name{page.}) has b
een already used, duplicate ignored
<to be read again> 
                   \relax 
l.457 \mycommand{12}
                     [12

]
Package atveryend Info: Empty hook `BeforeClearDocument' on input line 462.
Package atveryend Info: Empty hook `AfterLastShipout' on input line 462.
 (test.aux)
Package atveryend Info: Executing hook `AtVeryEndDocument' on input line 462.
Package atveryend Info: Executing hook `AtEndAfterFileList' on input line 462.
Package rerunfilecheck Info: File `test.out' has not changed.
(rerunfilecheck)             Checksum: D41D8CD98F00B204E9800998ECF8427E;0.


LaTeX Warning: There were multiply-defined labels.

Package atveryend Info: Empty hook `AtVeryVeryEnd' on input line 462.
 ) 
Here is how much of TeX's memory you used:
 8316 strings out of 493673
 118482 string characters out of 3143953
 282470 words of memory out of 3000000
 11571 multiletter control sequences out of 15000+200000
 4759 words of font info for 18 fonts, out of 3000000 for 9000
 1025 hyphenation exceptions out of 8191
 30i,11n,32p,364b,591s stack positions out of 5000i,500n,10000p,200000b,50000s
<C:/Program Files/MiKTeX 2.9/fonts/type1/public/amsfonts/cm/cmmi10.pfb><C:/Pr
ogram Files/MiKTeX 2.9/fonts/type1/public/amsfonts/cm/cmmi7.pfb><C:/Program Fil
es/MiKTeX 2.9/fonts/type1/public/amsfonts/cm/cmr10.pfb><C:/Program Files/MiKTeX
 2.9/fonts/type1/public/amsfonts/cm/cmss10.pfb><C:/Program Files/MiKTeX 2.9/fon
ts/type1/urw/zapfding/uzdr.pfb>
Output written on test.pdf (12 pages, 749358 bytes).
PDF statistics:
 1281 PDF objects out of 1440 (max. 8388607)
 2 named destinations out of 1000 (max. 500000)
 541 words of extra memory for PDF output out of 10000 (max. 10000000)

